HI-TECH Software C Compiler 

Linker command line:

--edf=C:\Program Files (x86)\HI-TECH Software\PICC\9.71a\dat\en_msgs.txt \
  -cs -h+USART_BT_1.sym -z -Q16F877A -ol.obj -MUSART_BT_1.map -E1 \
  -ACONST=00h-0FFhx32 -ACODE=00h-07FFhx4 -ASTRCODE=00h-01FFFh \
  -AENTRY=00h-0FFhx32 -ASTRING=00h-0FFhx32 -ABANK0=020h-06Fh \
  -ABANK1=0A0h-0EFh -ABANK2=0110h-016Fh -ABANK3=0190h-01EFh \
  -ARAM=020h-06Fh,0A0h-0EFh,0110h-016Fh,0190h-01EFh \
  -AABS1=020h-07Fh,0A0h-0EFh,0110h-016Fh,0190h-01EFh -ACOMMON=070h-07Fh \
  -ASFR0=00h-01Fh -ASFR1=080h-09Fh -ASFR2=0100h-010Fh -ASFR3=0180h-018Fh \
  -preset_vec=00h,intentry,init,end_init -ppowerup=CODE -pfunctab=CODE \
  -ACONFIG=02007h-02007h -pconfig=CONFIG -DCONFIG=2 -AIDLOC=02000h-02003h \
  -pidloc=IDLOC -DIDLOC=2 -AEEDATA=00h-0FFh/02100h -peeprom_data=EEDATA \
  -DEEDATA=2 -DCODE=2 -DSTRCODE=2 -DSTRING=2 -DCONST=2 -DENTRY=2 -k \
  startup.obj USART_BT_1.obj 

Object code version is 3.10

Machine type is 16F877A



                Name                               Link     Load   Length Selector   Space Scale
startup.obj     end_init                              0        0        3        0       0
USART_BT_1.obj  config                             2007     2007        1     400E       0
                text107                             6AD      6AD       29      D5A       0
                text106                             6D6      6D6       3A      DAC       0
                text105                             64F      64F       13      C9E       0
                text104                             662      662       13      CC4       0
                text103                             68E      68E       1F      D1C       0
                text102                             675      675       19      CEA       0
                maintext                            710      710       F0      E20       0
                cstackCOMMON                         70       70        B       70       1
                cinit                               64B      64B        4      C96       0
                strings                               3        3       3A        6       0

TOTAL           Name                               Link     Load   Length     Space
        CLASS   CONST          

        CLASS   CODE           
                end_init                              0        0        3         0
                text107                             6AD      6AD       29         0
                text106                             6D6      6D6       3A         0
                text105                             64F      64F       13         0
                text104                             662      662       13         0
                text103                             68E      68E       1F         0
                text102                             675      675       19         0
                maintext                            710      710       F0         0
                cinit                               64B      64B        4         0

        CLASS   STRCODE        

        CLASS   ENTRY          

        CLASS   STRING         
                strings                               3        3       3A         0

        CLASS   BANK0          

        CLASS   BANK1          

        CLASS   BANK2          

        CLASS   BANK3          

        CLASS   RAM            

        CLASS   ABS1           
                abs_s1                               7E       7E        2         1

        CLASS   COMMON         
                cstackCOMMON                         70       70        B         1

        CLASS   SFR0           

        CLASS   SFR1           

        CLASS   SFR2           

        CLASS   SFR3           

        CLASS   CONFIG         
                config                             2007     2007        1         0

        CLASS   IDLOC          

        CLASS   EEDATA         



SEGMENTS        Name                           Load    Length   Top    Selector   Space  Class     Delta

                reset_vec                      000000  000003  000003         0       0  CODE        2
                strings                        000003  00003A  00003D         6       0  STRING      2
                cstackCOMMON                   000070  00000B  00007B        70       1  COMMON      1
                cinit                          00064B  000004  00064F       C96       0  CODE        2
                text105                        00064F  000013  000662       C9E       0  CODE        2
                text104                        000662  000013  000675       CC4       0  CODE        2
                text102                        000675  000019  00068E       CEA       0  CODE        2
                text103                        00068E  00001F  0006AD       D1C       0  CODE        2
                text107                        0006AD  000029  0006D6       D5A       0  CODE        2
                text106                        0006D6  00003A  000710       DAC       0  CODE        2
                maintext                       000710  0000F0  000800       E20       0  CODE        2
                config                         002007  000001  002008      400E       0  CONFIG      2


UNUSED ADDRESS RANGES

        Name                Unused          Largest block    Delta
        BANK0            0020-006F             50           1
        BANK1            00A0-00EF             50           1
        BANK2            0110-016F             60           1
        BANK3            0190-01EF             60           1
        CODE             003D-064A            60E           2
                         0800-1FFF            800
        COMMON           007B-007D              3           1
        CONST            003D-064A            100           2
                         0800-1FFF            100
        EEDATA           2100-21FF            100           2
        ENTRY            003D-064A            100           2
                         0800-1FFF            100
        IDLOC            2000-2003              4           2
        RAM              0020-006F             50           1
                         00A0-00EF             50
                         0110-016F             60
                         0190-01EF             60
        SFR0             0000-001F             20           1
        SFR1             0080-009F             20           1
        SFR2             0100-010F             10           1
        SFR3             0180-018F             10           1
        STRCODE          003D-064A            60E           2
                         0800-1FFF           1800
        STRING           003D-064A            100           2
                         0800-1FFF            100

                                  Symbol Table

??___wmul             cstackCOMMON 0074
??_command            cstackCOMMON 0070
??_data               cstackCOMMON 0070
??_delay              cstackCOMMON 0078
??_initial            cstackCOMMON 0072
??_main               cstackCOMMON 007B
??_output             cstackCOMMON 0072
?___wmul              cstackCOMMON 0070
?_command             cstackCOMMON 0070
?_data                cstackCOMMON 0070
?_delay               cstackCOMMON 0076
?_initial             cstackCOMMON 0070
?_main                cstackCOMMON 0070
?_output              cstackCOMMON 0070
_BRGH                 (abs)        04C2
_PORTB                (abs)        0006
_PORTC                (abs)        0007
_PORTD                (abs)        0008
_PS0                  (abs)        0408
_PS1                  (abs)        0409
_PS2                  (abs)        040A
_PSA                  (abs)        040B
_RB0                  (abs)        0030
_RC0                  (abs)        0038
_RC1                  (abs)        0039
_RC2                  (abs)        003A
_RCREG                (abs)        001A
_RCSTA                (abs)        0018
_SPBRG                (abs)        0099
_T0CS                 (abs)        040D
_TMR0                 (abs)        0001
_TMR0IF               (abs)        005A
_TRISB                (abs)        0086
_TRISC                (abs)        0087
_TRISD                (abs)        0088
_TXSTA                (abs)        0098
__Habs1               abs1         0000
__Hbank0              bank0        0000
__Hbank1              bank1        0000
__Hbank2              bank2        0000
__Hbank3              bank3        0000
__Hcinit              cinit        0000
__Hclrtext            clrtext      0000
__Hcode               code         0000
__Hcommon             common       0000
__Hconfig             config       2008
__HcstackCOMMON       cstackCOMMON 0000
__Heeprom_data        eeprom_data  0000
__Hend_init           end_init     0003
__Hfunctab            functab      0000
__Hidloc              idloc        0000
__Hinit               init         0000
__Hintentry           intentry     0000
__Hmaintext           maintext     0000
__Hpowerup            powerup      0000
__Hram                ram          0000
__Hreset_vec          reset_vec    0000
__Hsfr0               sfr0         0000
__Hsfr1               sfr1         0000
__Hsfr2               sfr2         0000
__Hsfr3               sfr3         0000
__Hstrings            strings      0000
__Htext               text         0000
__Labs1               abs1         0000
__Lbank0              bank0        0000
__Lbank1              bank1        0000
__Lbank2              bank2        0000
__Lbank3              bank3        0000
__Lcinit              cinit        0000
__Lclrtext            clrtext      0000
__Lcode               code         0000
__Lcommon             common       0000
__Lconfig             config       2007
__LcstackCOMMON       cstackCOMMON 0000
__Leeprom_data        eeprom_data  0000
__Lend_init           end_init     0000
__Lfunctab            functab      0000
__Lidloc              idloc        0000
__Linit               init         0000
__Lintentry           intentry     0000
__Lmaintext           maintext     0000
__Lpowerup            powerup      0000
__Lram                ram          0000
__Lreset_vec          reset_vec    0000
__Lsfr0               sfr0         0000
__Lsfr1               sfr1         0000
__Lsfr2               sfr2         0000
__Lsfr3               sfr3         0000
__Lstrings            strings      0000
__Ltext               text         0000
__S0                  (abs)        2008
__S1                  (abs)        007B
__S2                  (abs)        0000
___wmul               text107      06AD
___wmul@multiplicand  cstackCOMMON 0072
___wmul@multiplier    cstackCOMMON 0070
___wmul@product       cstackCOMMON 0074
__end_of___wmul       text107      06D6
__end_of_command      text105      0662
__end_of_data         text104      0675
__end_of_delay        text106      0710
__end_of_initial      text102      068E
__end_of_main         maintext     0800
__end_of_output       text103      06AD
__pcstackCOMMON       cstackCOMMON 0070
__pmaintext           maintext     0710
__pstrings            strings      0003
__ptext101            text101      0000
__ptext102            text102      0675
__ptext103            text103      068E
__ptext104            text104      0662
__ptext105            text105      064F
__ptext106            text106      06D6
__ptext107            text107      06AD
__ptext108            text108      0000
__size_of___wmul      (abs)        0000
__size_of_command     (abs)        0000
__size_of_data        (abs)        0000
__size_of_delay       (abs)        0000
__size_of_initial     (abs)        0000
__size_of_main        (abs)        0000
__size_of_output      (abs)        0000
_command              text105      064F
_data                 text104      0662
_delay                text106      06D6
_exit                 init         0000
_initial              text102      0675
_main                 maintext     0710
_output               text103      068E
btemp                 (abs)        007E
command@y             cstackCOMMON 0071
data@z                cstackCOMMON 0071
delay@i               cstackCOMMON 0079
delay@n               cstackCOMMON 0076
end_of_initialization cinit        064B
intlevel0             functab      0000
intlevel1             functab      0000
intlevel2             functab      0000
intlevel3             functab      0000
intlevel4             functab      0000
intlevel5             functab      0000
output@value          cstackCOMMON 0073
reset_vec             reset_vec    0000
start                 init         0000
start_initialization  cinit        064B
wtemp0                (abs)        007E
