HI-TECH Software C Compiler 

Linker command line:

--edf=C:\Program Files (x86)\HI-TECH Software\PICC\9.71a\dat\en_msgs.txt \
  -cs -h+WATER_TANK1.sym -z -Q16F877A -ol.obj -MWATER_TANK1.map -E1 \
  -ACONST=00h-0FFhx32 -ACODE=00h-07FFhx4 -ASTRCODE=00h-01FFFh \
  -AENTRY=00h-0FFhx32 -ASTRING=00h-0FFhx32 -ABANK0=020h-06Fh \
  -ABANK1=0A0h-0EFh -ABANK2=0110h-016Fh -ABANK3=0190h-01EFh \
  -ARAM=020h-06Fh,0A0h-0EFh,0110h-016Fh,0190h-01EFh \
  -AABS1=020h-07Fh,0A0h-0EFh,0110h-016Fh,0190h-01EFh -ACOMMON=070h-07Fh \
  -ASFR0=00h-01Fh -ASFR1=080h-09Fh -ASFR2=0100h-010Fh -ASFR3=0180h-018Fh \
  -preset_vec=00h,intentry,init,end_init -ppowerup=CODE -pfunctab=CODE \
  -ACONFIG=02007h-02007h -pconfig=CONFIG -DCONFIG=2 -AIDLOC=02000h-02003h \
  -pidloc=IDLOC -DIDLOC=2 -AEEDATA=00h-0FFh/02100h -peeprom_data=EEDATA \
  -DEEDATA=2 -DCODE=2 -DSTRCODE=2 -DSTRING=2 -DCONST=2 -DENTRY=2 -k \
  startup.obj WATER_TANK1.obj 

Object code version is 3.10

Machine type is 16F877A



                Name                               Link     Load   Length Selector   Space Scale
startup.obj     end_init                              0        0        3        0       0
WATER_TANK1.obj config                             2007     2007        1     400E       0
                text88                              6E1      6E1       13      DC2       0
                text87                              6F4      6F4       13      DE8       0
                text86                              720      720       1F      E40       0
                text85                              707      707       19      E0E       0
                maintext                            73F      73F       C1      E7E       0
                cstackCOMMON                         70       70        9       70       1
                cinit                               6DD      6DD        4      DBA       0
                strings                               3        3       19        6       0

TOTAL           Name                               Link     Load   Length     Space
        CLASS   CONST          

        CLASS   CODE           
                end_init                              0        0        3         0
                text88                              6E1      6E1       13         0
                text87                              6F4      6F4       13         0
                text86                              720      720       1F         0
                text85                              707      707       19         0
                maintext                            73F      73F       C1         0
                cinit                               6DD      6DD        4         0

        CLASS   STRCODE        

        CLASS   ENTRY          

        CLASS   STRING         
                strings                               3        3       19         0

        CLASS   BANK0          

        CLASS   BANK1          

        CLASS   BANK2          

        CLASS   BANK3          

        CLASS   RAM            

        CLASS   ABS1           
                abs_s1                               7E       7E        2         1

        CLASS   COMMON         
                cstackCOMMON                         70       70        9         1

        CLASS   SFR0           

        CLASS   SFR1           

        CLASS   SFR2           

        CLASS   SFR3           

        CLASS   CONFIG         
                config                             2007     2007        1         0

        CLASS   IDLOC          

        CLASS   EEDATA         



SEGMENTS        Name                           Load    Length   Top    Selector   Space  Class     Delta

                reset_vec                      000000  000003  000003         0       0  CODE        2
                strings                        000003  000019  00001C         6       0  STRING      2
                cstackCOMMON                   000070  000009  000079        70       1  COMMON      1
                cinit                          0006DD  000004  0006E1       DBA       0  CODE        2
                text88                         0006E1  000013  0006F4       DC2       0  CODE        2
                text87                         0006F4  000013  000707       DE8       0  CODE        2
                text85                         000707  000019  000720       E0E       0  CODE        2
                text86                         000720  00001F  00073F       E40       0  CODE        2
                maintext                       00073F  0000C1  000800       E7E       0  CODE        2
                config                         002007  000001  002008      400E       0  CONFIG      2


UNUSED ADDRESS RANGES

        Name                Unused          Largest block    Delta
        BANK0            0020-006F             50           1
        BANK1            00A0-00EF             50           1
        BANK2            0110-016F             60           1
        BANK3            0190-01EF             60           1
        CODE             001C-06DC            6C1           2
                         0800-1FFF            800
        COMMON           0079-007D              5           1
        CONST            001C-06DC            100           2
                         0800-1FFF            100
        EEDATA           2100-21FF            100           2
        ENTRY            001C-06DC            100           2
                         0800-1FFF            100
        IDLOC            2000-2003              4           2
        RAM              0020-006F             50           1
                         00A0-00EF             50
                         0110-016F             60
                         0190-01EF             60
        SFR0             0000-001F             20           1
        SFR1             0080-009F             20           1
        SFR2             0100-010F             10           1
        SFR3             0180-018F             10           1
        STRCODE          001C-06DC            6C1           2
                         0800-1FFF           1800
        STRING           001C-06DC            100           2
                         0800-1FFF            100

                                  Symbol Table

??_command            cstackCOMMON 0070
??_data               cstackCOMMON 0070
??_initial            cstackCOMMON 0072
??_main               cstackCOMMON 0074
??_output             cstackCOMMON 0072
?_command             cstackCOMMON 0070
?_data                cstackCOMMON 0070
?_initial             cstackCOMMON 0070
?_main                cstackCOMMON 0070
?_output              cstackCOMMON 0070
_PORTB                (abs)        0006
_PORTD                (abs)        0008
_RB0                  (abs)        0030
_RB1                  (abs)        0031
_RB2                  (abs)        0032
_RC0                  (abs)        0038
_RC1                  (abs)        0039
_RC2                  (abs)        003A
_TRISB                (abs)        0086
_TRISC                (abs)        0087
_TRISD                (abs)        0088
__Habs1               abs1         0000
__Hbank0              bank0        0000
__Hbank1              bank1        0000
__Hbank2              bank2        0000
__Hbank3              bank3        0000
__Hcinit              cinit        0000
__Hclrtext            clrtext      0000
__Hcode               code         0000
__Hcommon             common       0000
__Hconfig             config       2008
__HcstackCOMMON       cstackCOMMON 0000
__Heeprom_data        eeprom_data  0000
__Hend_init           end_init     0003
__Hfunctab            functab      0000
__Hidloc              idloc        0000
__Hinit               init         0000
__Hintentry           intentry     0000
__Hmaintext           maintext     0000
__Hpowerup            powerup      0000
__Hram                ram          0000
__Hreset_vec          reset_vec    0000
__Hsfr0               sfr0         0000
__Hsfr1               sfr1         0000
__Hsfr2               sfr2         0000
__Hsfr3               sfr3         0000
__Hstrings            strings      0000
__Htext               text         0000
__Labs1               abs1         0000
__Lbank0              bank0        0000
__Lbank1              bank1        0000
__Lbank2              bank2        0000
__Lbank3              bank3        0000
__Lcinit              cinit        0000
__Lclrtext            clrtext      0000
__Lcode               code         0000
__Lcommon             common       0000
__Lconfig             config       2007
__LcstackCOMMON       cstackCOMMON 0000
__Leeprom_data        eeprom_data  0000
__Lend_init           end_init     0000
__Lfunctab            functab      0000
__Lidloc              idloc        0000
__Linit               init         0000
__Lintentry           intentry     0000
__Lmaintext           maintext     0000
__Lpowerup            powerup      0000
__Lram                ram          0000
__Lreset_vec          reset_vec    0000
__Lsfr0               sfr0         0000
__Lsfr1               sfr1         0000
__Lsfr2               sfr2         0000
__Lsfr3               sfr3         0000
__Lstrings            strings      0000
__Ltext               text         0000
__S0                  (abs)        2008
__S1                  (abs)        0079
__S2                  (abs)        0000
__end_of_command      text88       06F4
__end_of_data         text87       0707
__end_of_initial      text85       0720
__end_of_main         maintext     0800
__end_of_output       text86       073F
__pcstackCOMMON       cstackCOMMON 0070
__pmaintext           maintext     073F
__pstrings            strings      0003
__ptext84             text84       0000
__ptext85             text85       0707
__ptext86             text86       0720
__ptext87             text87       06F4
__ptext88             text88       06E1
__ptext89             text89       0000
__size_of_command     (abs)        0000
__size_of_data        (abs)        0000
__size_of_initial     (abs)        0000
__size_of_main        (abs)        0000
__size_of_output      (abs)        0000
_command              text88       06E1
_data                 text87       06F4
_exit                 init         0000
_initial              text85       0707
_main                 maintext     073F
_output               text86       0720
btemp                 (abs)        007E
command@y             cstackCOMMON 0071
data@z                cstackCOMMON 0071
end_of_initialization cinit        06DD
intlevel0             functab      0000
intlevel1             functab      0000
intlevel2             functab      0000
intlevel3             functab      0000
intlevel4             functab      0000
intlevel5             functab      0000
main@x                cstackCOMMON 0077
output@value          cstackCOMMON 0073
reset_vec             reset_vec    0000
start                 init         0000
start_initialization  cinit        06DD
wtemp0                (abs)        007E
