HI-TECH Software C Compiler 

Linker command line:

--edf=C:\Program Files (x86)\HI-TECH Software\PICC\9.71a\dat\en_msgs.txt \
  -cs -h+MEMORY_1.sym -z -Q16F877A -ol.obj -MMEMORY_1.map -E1 \
  -ACONST=00h-0FFhx32 -ACODE=00h-07FFhx4 -ASTRCODE=00h-01FFFh \
  -AENTRY=00h-0FFhx32 -ASTRING=00h-0FFhx32 -ABANK0=020h-06Fh \
  -ABANK1=0A0h-0EFh -ABANK2=0110h-016Fh -ABANK3=0190h-01EFh \
  -ARAM=020h-06Fh,0A0h-0EFh,0110h-016Fh,0190h-01EFh \
  -AABS1=020h-07Fh,0A0h-0EFh,0110h-016Fh,0190h-01EFh -ACOMMON=070h-07Fh \
  -ASFR0=00h-01Fh -ASFR1=080h-09Fh -ASFR2=0100h-010Fh -ASFR3=0180h-018Fh \
  -preset_vec=00h,intentry,init,end_init -ppowerup=CODE -pfunctab=CODE \
  -ACONFIG=02007h-02007h -pconfig=CONFIG -DCONFIG=2 -AIDLOC=02000h-02003h \
  -pidloc=IDLOC -DIDLOC=2 -AEEDATA=00h-0FFh/02100h -peeprom_data=EEDATA \
  -DEEDATA=2 -DCODE=2 -DSTRCODE=2 -DSTRING=2 -DCONST=2 -DENTRY=2 -k \
  startup.obj MEMORY_1.obj 

Object code version is 3.10

Machine type is 16F877A



                Name                               Link     Load   Length Selector   Space Scale
startup.obj     end_init                              0        0        3        0       0
MEMORY_1.obj    config                             2007     2007        1     400E       0
                text161                             5AB      5AB       15      B56       0
                text160                             5C0      5C0       15      B80       0
                text159                             5D5      5D5       19      BAA       0
                text158                             60D      60D       EE      C1A       0
                text157                             5EE      5EE       1F      BDC       0
                maintext                            6FB      6FB      105      DF6       0
                cstackBANK0                          20       20        A       20       1
                cstackCOMMON                         70       70        8       70       1
                inittext                            587      587       11      B0E       0
                dataBANK0                            2A       2A        8       20       1
                bssBANK0                             32       32        1       20       1
                cinit                               598      598       13      B30       0
                strings                               3        3       1D        6       0
                idataBANK0                          57F      57F        8      AFE       0

TOTAL           Name                               Link     Load   Length     Space
        CLASS   CONST          

        CLASS   CODE           
                end_init                              0        0        3         0
                text161                             5AB      5AB       15         0
                text160                             5C0      5C0       15         0
                text159                             5D5      5D5       19         0
                text158                             60D      60D       EE         0
                text157                             5EE      5EE       1F         0
                maintext                            6FB      6FB      105         0
                inittext                            587      587       11         0
                cinit                               598      598       13         0
                idataBANK0                          57F      57F        8         0

        CLASS   STRCODE        

        CLASS   ENTRY          

        CLASS   STRING         
                strings                               3        3       1D         0

        CLASS   BANK0          
                cstackBANK0                          20       20        A         1
                dataBANK0                            2A       2A        8         1
                bssBANK0                             32       32        1         1

        CLASS   BANK1          

        CLASS   BANK2          

        CLASS   BANK3          

        CLASS   RAM            

        CLASS   ABS1           
                abs_s1                               7E       7E        2         1

        CLASS   COMMON         
                cstackCOMMON                         70       70        8         1

        CLASS   SFR0           

        CLASS   SFR1           

        CLASS   SFR2           

        CLASS   SFR3           

        CLASS   CONFIG         
                config                             2007     2007        1         0

        CLASS   IDLOC          

        CLASS   EEDATA         



SEGMENTS        Name                           Load    Length   Top    Selector   Space  Class     Delta

                reset_vec                      000000  000003  000003         0       0  CODE        2
                strings                        000003  00001D  000020         6       0  STRING      2
                cstackBANK0                    000020  000013  000033        20       1  BANK0       1
                cstackCOMMON                   000070  000008  000078        70       1  COMMON      1
                idataBANK0                     00057F  000008  000587       AFE       0  CODE        2
                inittext                       000587  000011  000598       B0E       0  CODE        2
                cinit                          000598  000013  0005AB       B30       0  CODE        2
                text161                        0005AB  000015  0005C0       B56       0  CODE        2
                text160                        0005C0  000015  0005D5       B80       0  CODE        2
                text159                        0005D5  000019  0005EE       BAA       0  CODE        2
                text157                        0005EE  00001F  00060D       BDC       0  CODE        2
                text158                        00060D  0000EE  0006FB       C1A       0  CODE        2
                maintext                       0006FB  000105  000800       DF6       0  CODE        2
                config                         002007  000001  002008      400E       0  CONFIG      2


UNUSED ADDRESS RANGES

        Name                Unused          Largest block    Delta
        BANK0            0033-006F             3D           1
        BANK1            00A0-00EF             50           1
        BANK2            0110-016F             60           1
        BANK3            0190-01EF             60           1
        CODE             0020-057E            55F           2
                         0800-1FFF            800
        COMMON           0078-007D              6           1
        CONST            0020-057E            100           2
                         0800-1FFF            100
        EEDATA           2100-21FF            100           2
        ENTRY            0020-057E            100           2
                         0800-1FFF            100
        IDLOC            2000-2003              4           2
        RAM              0033-006F             3D           1
                         00A0-00EF             50
                         0110-016F             60
                         0190-01EF             60
        SFR0             0000-001F             20           1
        SFR1             0080-009F             20           1
        SFR2             0100-010F             10           1
        SFR3             0180-018F             10           1
        STRCODE          0020-057E            55F           2
                         0800-1FFF           1800
        STRING           0020-057E            100           2
                         0800-1FFF            100

                                  Symbol Table

??_command            cstackCOMMON 0070
??_data               cstackCOMMON 0070
??_initial            cstackCOMMON 0073
??_keypad             cstackCOMMON 0073
??_main               cstackCOMMON 0075
??_output             cstackCOMMON 0073
?_command             cstackCOMMON 0070
?_data                cstackCOMMON 0070
?_initial             cstackCOMMON 0070
?_keypad              cstackCOMMON 0070
?_main                cstackCOMMON 0070
?_output              cstackCOMMON 0070
_PORTB                (abs)        0006
_PORTC                (abs)        0007
_PORTD                (abs)        0008
_RC0                  (abs)        0038
_RC1                  (abs)        0039
_RC2                  (abs)        003A
_RD0                  (abs)        0040
_RD1                  (abs)        0041
_RD2                  (abs)        0042
_RD3                  (abs)        0043
_RD4                  (abs)        0044
_RD5                  (abs)        0045
_RD6                  (abs)        0046
_TRISB                (abs)        0086
_TRISC                (abs)        0087
_TRISD                (abs)        0088
__Habs1               abs1         0000
__Hbank0              bank0        0000
__Hbank1              bank1        0000
__Hbank2              bank2        0000
__Hbank3              bank3        0000
__HbssBANK0           bssBANK0     0000
__Hcinit              cinit        0000
__Hclrtext            clrtext      0000
__Hcode               code         0000
__Hcommon             common       0000
__Hconfig             config       2008
__HcstackBANK0        cstackBANK0  0000
__HcstackCOMMON       cstackCOMMON 0000
__HdataBANK0          dataBANK0    0000
__Heeprom_data        eeprom_data  0000
__Hend_init           end_init     0003
__Hfunctab            functab      0000
__HidataBANK0         idataBANK0   0000
__Hidloc              idloc        0000
__Hinit               init         0000
__Hinittext           inittext     0000
__Hintentry           intentry     0000
__Hmaintext           maintext     0000
__Hpowerup            powerup      0000
__Hram                ram          0000
__Hreset_vec          reset_vec    0000
__Hsfr0               sfr0         0000
__Hsfr1               sfr1         0000
__Hsfr2               sfr2         0000
__Hsfr3               sfr3         0000
__Hstrings            strings      0000
__Htext               text         0000
__Labs1               abs1         0000
__Lbank0              bank0        0000
__Lbank1              bank1        0000
__Lbank2              bank2        0000
__Lbank3              bank3        0000
__LbssBANK0           bssBANK0     0000
__Lcinit              cinit        0000
__Lclrtext            clrtext      0000
__Lcode               code         0000
__Lcommon             common       0000
__Lconfig             config       2007
__LcstackBANK0        cstackBANK0  0000
__LcstackCOMMON       cstackCOMMON 0000
__LdataBANK0          dataBANK0    0000
__Leeprom_data        eeprom_data  0000
__Lend_init           end_init     0000
__Lfunctab            functab      0000
__LidataBANK0         idataBANK0   0000
__Lidloc              idloc        0000
__Linit               init         0000
__Linittext           inittext     0000
__Lintentry           intentry     0000
__Lmaintext           maintext     0000
__Lpowerup            powerup      0000
__Lram                ram          0000
__Lreset_vec          reset_vec    0000
__Lsfr0               sfr0         0000
__Lsfr1               sfr1         0000
__Lsfr2               sfr2         0000
__Lsfr3               sfr3         0000
__Lstrings            strings      0000
__Ltext               text         0000
__S0                  (abs)        2008
__S1                  (abs)        0078
__S2                  (abs)        0000
__end_of_command      text161      05C0
__end_of_data         text160      05D5
__end_of_initial      text159      05EE
__end_of_keypad       text158      06FB
__end_of_main         maintext     0800
__end_of_output       text157      060D
__pbssBANK0           bssBANK0     0032
__pcstackBANK0        cstackBANK0  0020
__pcstackCOMMON       cstackCOMMON 0070
__pdataBANK0          dataBANK0    002A
__pidataBANK0         idataBANK0   057F
__pmaintext           maintext     06FB
__pstrings            strings      0003
__ptext157            text157      05EE
__ptext158            text158      060D
__ptext159            text159      05D5
__ptext160            text160      05C0
__ptext161            text161      05AB
__ptext162            text162      0000
__size_of_command     (abs)        0000
__size_of_data        (abs)        0000
__size_of_initial     (abs)        0000
__size_of_keypad      (abs)        0000
__size_of_main        (abs)        0000
__size_of_output      (abs)        0000
_command              text161      05AB
_d                    bssBANK0     0032
_data                 text160      05C0
_exit                 init         0000
_initial              text159      05D5
_keypad               text158      060D
_main                 maintext     06FB
_output               text157      05EE
btemp                 (abs)        007E
command@y             cstackCOMMON 0072
data@x                cstackCOMMON 0072
end_of_initialization cinit        05A7
init_fetch            inittext     0587
init_ram              inittext     058B
intlevel0             functab      0000
intlevel1             functab      0000
intlevel2             functab      0000
intlevel3             functab      0000
intlevel4             functab      0000
intlevel5             functab      0000
main@F523             dataBANK0    002A
main@F525             dataBANK0    002E
main@check_p          cstackBANK0  0020
main@i                cstackBANK0  0028
main@user_p           cstackBANK0  0024
output@value          cstackCOMMON 0074
reset_vec             reset_vec    0000
start                 init         0000
start_initialization  cinit        0598
wtemp0                (abs)        007E
